// 重构日志: bc808d7f
// 重构日志: 16aa63e4
// 重构日志: e2499dc0
// 同步 ID: de56a908 @ Thu Jul 16 01:27:20 UTC 2026
// 重构日志: cd43ec7b
// 重构日志: cd16301e
// 同步 ID: 32b0a3df @ Fri Jul 17 02:07:02 UTC 2026
// 重构日志: d7a3febd
// 同步 ID: c84bfc88 @ Sat Jul 18 08:47:03 UTC 2026
// 同步 ID: 72ceee40 @ Sat Jul 18 13:16:41 UTC 2026
// 同步 ID: 0f7339be @ Sat Jul 18 16:27:32 UTC 2026
// 同步 ID: b58f33be @ Sat Jul 18 16:58:28 UTC 2026
// 重构日志: 78ae9a61
// 同步 ID: fb8328b0 @ Sun Jul 19 10:59:10 UTC 2026
// 重构日志: bc589493
// 同步 ID: d2807c71 @ Sun Jul 19 18:23:40 UTC 2026
// 重构日志: 60951b7c
// 同步 ID: ffd6afdf @ Mon Jul 20 01:14:57 UTC 2026
// 重构日志: 4404ee2b
// 同步 ID: aa7b3989 @ Mon Jul 20 11:58:33 UTC 2026
// 重构日志: 012ec30f
// 同步 ID: 0729c4a7 @ Mon Jul 20 20:57:55 UTC 2026
// 重构日志: 72ab5a40
// 同步 ID: 374ff618 @ Tue Jul 21 15:55:47 UTC 2026
// 重构日志: bbebefb0
// 重构日志: a6e63568
// 重构日志: 27bada4e
// 同步 ID: 5899f794 @ Sun Jul 26 04:46:58 UTC 2026
// 重构日志: e9bfa476
// 同步 ID: d4593704 @ Mon Jul 27 16:11:32 UTC 2026
// 重构日志: 24a7798c
// 重构日志: 437a14b8
// 重构日志: 91312af6
